Creates a new team.

Usage:
    team_create <name>
