Change your password.

Usage:
    change_password
