Show documentation of a service.

Usage:
    service_doc <servicename>
