Get the default target.

Usage:
    target_default_get
