Clear local authentication credentials.

Usage:
    logout
