Removes a team from tsuru server.

Usage:
    team_remove <name>
