Get or set target.

Usage:
    target
    or
    target_get
