Remove units from an app.

Usage:
    app_unit_remove <appname> [numunits=1]
