Pass command to a system shell when line begins with '!'
