List all instances of a service.

Usage:
    service_info <servicename>
