List all teams that you are member.

Usage:
    team_list
