Create an app.

Usage:
    app_create <name> <framework>
