Set environment variables for an app.

Usage:
    app_env_set <--app appname> <--vars NAME=value [NAME=value] ...>
