Creates a user.

Usage:
    user_create <username> <email>
