Check status of a given service instance.

Usage:
    service_status <instancename>
