Show information about your app.

Usage:
    app_info <appname>
