help (?): give detailed help on a specific sub-command

Usage:
    tsuru help [COMMAND]
