Removes your user from server.

Usage:
    user_remove
