Login to server.

Usage:
    login <username> <email>
