Removes a user from a team.

Usage:
    team_user_remove <teamname> <useremail>
