                                     
   ----------------------------------------------------------
   |        ______   _____    __  __   ____     __  __      |
   |       /_  __/  / ___/   / / / /  / __ \   / / / /      |
   |        / /     \__ \   / / / /  / /_/ /  / / / /       |
   |       / /     ___/ /  / /_/ /  / _, _/  / /_/ /        |
   |      /_/     /____/   \____/  /_/ |_|   \____/         |
   |                                                        |
   ----------------------------------------------------------
    Welcome! Current target is: develop - http://192.168.33.10:8080 

